[21:37:33] [main/INFO]: Loading Minecraft 1.21.4 with Fabric Loader 0.16.14
[21:37:33] [main/INFO]: Loading 4 mods:
	- fabricloader 0.16.14
	   \-- mixinextras 0.4.1
	- java 21
	- minecraft 1.21.4
[21:37:33] [main/INFO]: SpongePowered MIXIN Subsystem Version=0.8.7 Source=file:/workspaces/maznet/fabric-1.21.4/libraries/net/fabricmc/sponge-mixin/0.15.5+mixin.0.8.7/sponge-mixin-0.15.5+mixin.0.8.7.jar Service=Knot/Fabric Env=SERVER
[21:37:40] [main/INFO]: Environment: Environment[sessionHost=https://sessionserver.mojang.com, servicesHost=https://api.minecraftservices.com, name=PROD]
[21:37:41] [main/INFO]: No existing world data, creating new world
[21:37:42] [main/INFO]: Loaded 1370 recipes
[21:37:42] [main/INFO]: Loaded 1481 advancements
[21:37:42] [Server thread/INFO]: Starting minecraft server version 1.21.4
[21:37:42] [Server thread/INFO]: Loading properties
[21:37:42] [Server thread/INFO]: Default game type: SURVIVAL
[21:37:42] [Server thread/INFO]: Generating keypair
[21:37:42] [Server thread/INFO]: Starting Minecraft server on *:25565
[21:37:42] [Server thread/INFO]: Using epoll channel type
[21:37:42] [Server thread/WARN]: **** SERVER IS RUNNING IN OFFLINE/INSECURE MODE!
[21:37:42] [Server thread/WARN]: The server will make no attempt to authenticate usernames. Beware.
[21:37:42] [Server thread/WARN]: While this makes the game possible to play without internet access, it also opens up the ability for hackers to connect with any username they choose.
[21:37:42] [Server thread/WARN]: To change this, set "online-mode" to "true" in the server.properties file.
[21:37:42] [Server thread/INFO]: Preparing level "world"
[21:37:49] [Server thread/INFO]: Preparing start region for dimension minecraft:overworld
[21:37:49] [Worker-Main-3/INFO]: Preparing spawn area: 2%
[21:37:49] [Worker-Main-3/INFO]: Preparing spawn area: 2%
[21:37:50] [Worker-Main-1/INFO]: Preparing spawn area: 2%
[21:37:50] [Worker-Main-2/INFO]: Preparing spawn area: 2%
[21:37:51] [Worker-Main-3/INFO]: Preparing spawn area: 2%
[21:37:51] [Worker-Main-3/INFO]: Preparing spawn area: 2%
[21:37:52] [Worker-Main-1/INFO]: Preparing spawn area: 18%
[21:37:52] [Worker-Main-1/INFO]: Preparing spawn area: 18%
[21:37:53] [Worker-Main-3/INFO]: Preparing spawn area: 18%
[21:37:53] [Worker-Main-2/INFO]: Preparing spawn area: 51%
[21:37:54] [Worker-Main-2/INFO]: Preparing spawn area: 51%
[21:37:54] [Worker-Main-3/INFO]: Preparing spawn area: 51%
[21:37:55] [Worker-Main-2/INFO]: Preparing spawn area: 51%
[21:37:55] [Server thread/INFO]: Time elapsed: 6272 ms
[21:37:55] [Server thread/INFO]: Done (12.657s)! For help, type "help"
[21:38:02] [Server thread/INFO]: HESSl[/[0:0:0:0:0:0:0:1]:35538] logged in with entity id 3 at (81.5, 109.0, -709.5)
[21:38:02] [Server thread/INFO]: HESSl joined the game
[21:38:45] [Server thread/INFO]: pepeking20[/[0:0:0:0:0:0:0:1]:35506] logged in with entity id 433 at (74.5, 129.0, -729.5)
[21:38:45] [Server thread/INFO]: pepeking20 joined the game
[21:39:22] [Server thread/INFO]: HESSl was slain by Zombie
[21:39:27] [Server thread/INFO]: pepeking20 has made the advancement [Monster Hunter]
[21:40:35] [Server thread/INFO]: pepeking20 has made the advancement [Stone Age]
[21:40:56] [Server thread/INFO]: pepeking20 has made the advancement [Getting an Upgrade]
[21:41:15] [Server thread/INFO]: HESSl has made the advancement [Stone Age]
[21:41:24] [Server thread/INFO]: HESSl has made the advancement [Getting an Upgrade]
[21:44:38] [Server thread/INFO]: [Not Secure] <pepeking20> 17.70 95.00 -728.63 -452.79 -8.25
[21:51:46] [Server thread/INFO]: pepeking20 has made the advancement [Acquire Hardware]
[21:51:58] [Server thread/INFO]: pepeking20 has made the advancement [Isn't It Iron Pick]
[21:53:28] [Server thread/INFO]: HESSl has made the advancement [Monster Hunter]
[21:55:38] [Server thread/INFO]: pepeking20 discovered the floor was lava
[21:56:08] [Server thread/INFO]: [Not Secure] <HESSl> -313 16 -678
[21:56:42] [Server thread/INFO]: HESSl has made the advancement [Isn't It Iron Pick]
[22:04:19] [Worker-Main-3/ERROR]: Detected setBlock in a far chunk [-24, -87], pos: class_2338{x=-370, y=-48, z=-1391}, status: minecraft:features, currently generating: ResourceKey[minecraft:worldgen/placed_feature / minecraft:large_dripstone]
[22:04:19] [Worker-Main-3/ERROR]: Detected setBlock in a far chunk [-24, -87], pos: class_2338{x=-370, y=-47, z=-1390}, status: minecraft:features, currently generating: ResourceKey[minecraft:worldgen/placed_feature / minecraft:large_dripstone]
[22:04:19] [Worker-Main-3/ERROR]: Detected setBlock in a far chunk [-24, -87], pos: class_2338{x=-369, y=-48, z=-1392}, status: minecraft:features, currently generating: ResourceKey[minecraft:worldgen/placed_feature / minecraft:large_dripstone]
[22:04:19] [Worker-Main-3/ERROR]: Detected setBlock in a far chunk [-24, -87], pos: class_2338{x=-369, y=-48, z=-1391}, status: minecraft:features, currently generating: ResourceKey[minecraft:worldgen/placed_feature / minecraft:large_dripstone]
[22:04:19] [Worker-Main-3/ERROR]: Detected setBlock in a far chunk [-24, -87], pos: class_2338{x=-369, y=-47, z=-1390}, status: minecraft:features, currently generating: ResourceKey[minecraft:worldgen/placed_feature / minecraft:large_dripstone]
[22:05:32] [Server thread/INFO]: [Not Secure] <pepeking20> -63 92 -836
[22:06:48] [Server thread/INFO]: pepeking20 has made the advancement [Suit Up]
[22:08:33] [Server thread/INFO]: Villager class_1646['Villager'/5933, l='ServerLevel[world]', x=322.28, y=63.56, z=-800.63] died, message: 'Villager suffocated in a wall'
[22:08:39] [Server thread/INFO]: Villager class_1646['Villager'/5954, l='ServerLevel[world]', x=377.72, y=63.50, z=-786.37] died, message: 'Villager suffocated in a wall'
[22:08:49] [Server thread/INFO]: [Not Secure] <pepeking20> 265 63 -805
[22:09:32] [Server thread/INFO]: [Not Secure] <pepeking20> 314 63 -787
[22:11:09] [Server thread/INFO]: pepeking20 has made the advancement [Not Today, Thank You]
[22:11:14] [Server thread/INFO]: HESSl has made the advancement [Sweet Dreams]
[22:11:51] [Server thread/INFO]: pepeking20 has made the advancement [Sweet Dreams]
[22:12:46] [Server thread/INFO]: HESSl has made the advancement [Acquire Hardware]
[22:15:27] [Server thread/INFO]: HESSl has made the advancement [Suit Up]
[22:19:17] [Server thread/INFO]: pepeking20 lost connection: Disconnected
[22:19:17] [Server thread/INFO]: pepeking20 left the game
[22:19:48] [Server thread/INFO]: HESSl lost connection: Disconnected
[22:19:48] [Server thread/INFO]: HESSl left the game
[22:20:10] [Server thread/INFO]: Stopping the server
[22:20:10] [Server thread/INFO]: Stopping server
[22:20:10] [Server thread/INFO]: Saving players
[22:20:10] [Server thread/INFO]: Saving worlds
[22:20:10] [Server thread/INFO]: Saving chunks for level 'ServerLevel[world]'/minecraft:overworld
[22:20:10] [Server thread/INFO]: Saving chunks for level 'ServerLevel[world]'/minecraft:the_end
[22:20:10] [Server thread/INFO]: Saving chunks for level 'ServerLevel[world]'/minecraft:the_nether
[22:20:10] [Server thread/INFO]: ThreadedAnvilChunkStorage (world): All chunks are saved
[22:20:10] [Server thread/INFO]: ThreadedAnvilChunkStorage (DIM1): All chunks are saved
[22:20:10] [Server thread/INFO]: ThreadedAnvilChunkStorage (DIM-1): All chunks are saved
[22:20:10] [Server thread/INFO]: ThreadedAnvilChunkStorage: All dimensions are saved
